--
-- Creates a simple table, enables logging but then disables it twice (which should raise an exception)
--
BEGIN;
CREATE TABLE config (
	key VARCHAR(100) PRIMARY KEY,
	value TEXT
);
SELECT recall.enable('config', '2 months');
 enable 
--------
 
(1 row)

SELECT recall.disable('config');
NOTICE:  view "config_past" does not exist, skipping
CONTEXT:  SQL statement "DROP VIEW IF EXISTS config_past"
PL/pgSQL function recall.disable(regclass) line 22 at EXECUTE
 disable 
---------
 
(1 row)

-- ok, everything should have worked as planned so far, but this next call should trigger an exception
SELECT recall.disable('config');
ERROR:  The table "config" is not managed by pg_recall
ROLLBACK;
